ASxxxx Linker V03.00 + NoICE + sdld,  page 1.
Hexadecimal  [32-Bits]

Area                                    Addr        Size        Decimal Bytes (Attributes)
--------------------------------        ----        ----        ------- ----- ------------
CABS                                00000000    00000000 =           0. bytes (ABS,CON,CODE)

      Value  Global                              Global Defined In Module
      -----  --------------------------------   ------------------------
C:   00000000  l_BIT_BANK                      
C:   00000000  l_CABS                          
C:   00000000  l_GSINIT1                       
C:   00000000  l_GSINIT5                       
C:   00000000  l_IABS                          
C:   00000000  l_ISEG                          
C:   00000000  l_PSEG                          
C:   00000000  l_REG_BANK_2                    
C:   00000000  l_REG_BANK_3                    
C:   00000000  l_RSEG                          
C:   00000000  l_RSEG0                         
C:   00000000  l_RSEG1                         
C:   00000000  l_XABS                          
C:   00000000  l_XINIT                         
C:   00000000  l_XISEG                         
C:   00000000  l_XSEG                          
C:   00000000  l__CODE                         
C:   00000000  s_BSEG                          
C:   00000000  s_CABS                          
C:   00000000  s_DSEG                          
C:   00000000  s_HOME                          
C:   00000000  s_IABS                          
C:   00000000  s_ISEG                          
C:   00000000  s_REG_BANK_0                    
C:   00000000  s_RSEG                          
C:   00000000  s_RSEG0                         
C:   00000000  s_RSEG1                         
C:   00000000  s_XABS                          
C:   00000001  l_BSEG_BYTES                    
C:   00000001  s_PSEG                          
C:   00000001  s_XISEG                         
C:   00000001  s_XSEG                          
C:   00000002  l_OSEG                          
C:   00000003  l_BSEG                          
C:   00000003  l_GSFINAL                       
C:   00000003  l_GSINIT0                       
C:   00000008  l_REG_BANK_0                    
C:   00000008  l_REG_BANK_1                    
C:   00000008  s_REG_BANK_1                    
C:   0000000A  l_GSINIT2                       
C:   00000010  s_REG_BANK_2                    
C:   00000016  s_OSEG                          
C:   00000018  s_BIT_BANK                      
C:   00000018  s_REG_BANK_3                    
C:   00000020  s_BSEG_BYTES                    
C:   00000020  s__CODE                         
C:   00000022  l_GSINIT3                       
C:   0000002A  l_GSINIT                        
C:   0000002A  l_GSINIT4                       
C:   0000002E  s_SSEG                          
ASxxxx Linker V03.00 + NoICE + sdld,  page 2.
Hexadecimal  [32-Bits]

Area                                    Addr        Size        Decimal Bytes (Attributes)
--------------------------------        ----        ----        ------- ----- ------------
CABS                                00000000    00000000 =           0. bytes (ABS,CON,CODE)

      Value  Global                              Global Defined In Module
      -----  --------------------------------   ------------------------
C:   00000078  l_DSEG                          
C:   000000D2  l_SSEG                          
C:   000000D9  l_HOME                          
C:   000000D9  s_GSINIT0                       
C:   000000DC  s_GSINIT1                       
C:   000000DC  s_GSINIT2                       
C:   000000E6  s_GSINIT3                       
C:   00000100  l_IRAM                          
C:   00000108  s_GSINIT4                       
C:   00000132  s_GSINIT                        
C:   00000132  s_GSINIT5                       
C:   0000015C  s_GSFINAL                       
C:   0000015F  s_CSEG                          
C:   00000442  l_CSEG                          
C:   0000058B  l_CONST                         
C:   000005A1  s_CONST                         
C:   00000B2C  s_XINIT                         

ASxxxx Linker V03.00 + NoICE + sdld,  page 3.
Hexadecimal  [32-Bits]

Area                                    Addr        Size        Decimal Bytes (Attributes)
--------------------------------        ----        ----        ------- ----- ------------
.  .ABS.                            00000000    00000000 =           0. bytes (ABS,CON)

      Value  Global                              Global Defined In Module
      -----  --------------------------------   ------------------------
     00000000  .__.ABS.                           _startup
     00000080  _P0                                buzzer
     00000080  _P00                               buzzer
     00000081  _P01                               buzzer
     00000081  _SP                                buzzer
     00000082  _DPL                               buzzer
     00000082  _P02                               buzzer
     00000083  _DPH                               buzzer
     00000083  _P03                               buzzer
     00000084  _P04                               buzzer
     00000084  _S4CON                             buzzer
     00000085  _P05                               buzzer
     00000085  _S4BUF                             buzzer
     00000086  _P06                               buzzer
     00000087  _P07                               buzzer
     00000087  _PCON                              buzzer
     00000088  _IT0                               buzzer
     00000088  _TCON                              buzzer
     00000089  _IE0                               buzzer
     00000089  _TMOD                              buzzer
     0000008A  _IT1                               buzzer
     0000008A  _TL0                               buzzer
     0000008B  _IE1                               buzzer
     0000008B  _TL1                               buzzer
     0000008C  _TH0                               buzzer
     0000008C  _TR0                               buzzer
     0000008D  _TF0                               buzzer
     0000008D  _TH1                               buzzer
     0000008E  _AUXR                              buzzer
     0000008E  _TR1                               buzzer
     0000008F  _INTCLKO                           buzzer
     0000008F  _TF1                               buzzer
     00000090  _P1                                buzzer
     00000090  _P10                               buzzer
     00000091  _P11                               buzzer
     00000091  _P1M1                              buzzer
     00000092  _P12                               buzzer
     00000092  _P1M0                              buzzer
     00000093  _P0M1                              buzzer
     00000093  _P13                               buzzer
     00000094  _P0M0                              buzzer
     00000094  _P14                               buzzer
     00000095  _P15                               buzzer
     00000095  _P2M1                              buzzer
     00000096  _P16                               buzzer
     00000096  _P2M0                              buzzer
     00000097  _P17                               buzzer
     00000098  _RI                                buzzer
     00000098  _SCON                              buzzer
     00000099  _SBUF                              buzzer
ASxxxx Linker V03.00 + NoICE + sdld,  page 4.
Hexadecimal  [32-Bits]

Area                                    Addr        Size        Decimal Bytes (Attributes)
--------------------------------        ----        ----        ------- ----- ------------
.  .ABS.                            00000000    00000000 =           0. bytes (ABS,CON)

      Value  Global                              Global Defined In Module
      -----  --------------------------------   ------------------------
     00000099  _TI                                buzzer
     0000009A  _RB8                               buzzer
     0000009A  _S2CON                             buzzer
     0000009B  _S2BUF                             buzzer
     0000009B  _TB8                               buzzer
     0000009C  _REN                               buzzer
     0000009D  _IRCBAND                           buzzer
     0000009D  _SM2                               buzzer
     0000009E  _LIRTRIM                           buzzer
     0000009E  _SM1                               buzzer
     0000009F  _IRTRIM                            buzzer
     0000009F  _SM0                               buzzer
     000000A0  _P2                                buzzer
     000000A0  _P20                               buzzer
     000000A0  __XPAGE                            
     000000A1  _P21                               buzzer
     000000A2  _P22                               buzzer
     000000A2  _P_SW1                             buzzer
     000000A3  _P23                               buzzer
     000000A4  _P24                               buzzer
     000000A5  _P25                               buzzer
     000000A6  _P26                               buzzer
     000000A7  _P27                               buzzer
     000000A8  _EX0                               buzzer
     000000A8  _IE                                buzzer
     000000A9  _ET0                               buzzer
     000000A9  _SADDR                             buzzer
     000000AA  _EX1                               buzzer
     000000AA  _WKTCL                             buzzer
     000000AB  _ET1                               buzzer
     000000AB  _WKTCH                             buzzer
     000000AC  _ES                                buzzer
     000000AC  _S3CON                             buzzer
     000000AD  _EADC                              buzzer
     000000AD  _S3BUF                             buzzer
     000000AE  _ELVD                              buzzer
     000000AE  _TA                                buzzer
     000000AF  _EA                                buzzer
     000000AF  _IE2                               buzzer
     000000B0  _P3                                buzzer
     000000B0  _P30                               buzzer
     000000B1  _P31                               buzzer
     000000B1  _P3M1                              buzzer
     000000B2  _P32                               buzzer
     000000B2  _P3M0                              buzzer
     000000B3  _P33                               buzzer
     000000B3  _P4M1                              buzzer
     000000B4  _P34                               buzzer
     000000B4  _P4M0                              buzzer
     000000B5  _IP2                               buzzer
     000000B5  _P35                               buzzer
ASxxxx Linker V03.00 + NoICE + sdld,  page 5.
Hexadecimal  [32-Bits]

Area                                    Addr        Size        Decimal Bytes (Attributes)
--------------------------------        ----        ----        ------- ----- ------------
.  .ABS.                            00000000    00000000 =           0. bytes (ABS,CON)

      Value  Global                              Global Defined In Module
      -----  --------------------------------   ------------------------
     000000B6  _IP2H                              buzzer
     000000B6  _P36                               buzzer
     000000B7  _IPH                               buzzer
     000000B7  _P37                               buzzer
     000000B8  _IP                                buzzer
     000000B8  _PX0                               buzzer
     000000B9  _PT0                               buzzer
     000000B9  _SADEN                             buzzer
     000000BA  _PX1                               buzzer
     000000BA  _P_SW2                             buzzer
     000000BB  _PT1                               buzzer
     000000BC  _ADC_CONTR                         buzzer
     000000BC  _PS                                buzzer
     000000BD  _ADC_RES                           buzzer
     000000BD  _PADC                              buzzer
     000000BE  _ADC_RESL                          buzzer
     000000BE  _PLVD                              buzzer
     000000BF  _PPCA                              buzzer
     000000C0  _P4                                buzzer
     000000C0  _P40                               buzzer
     000000C1  _P41                               buzzer
     000000C1  _WDT_CONTR                         buzzer
     000000C2  _IAP_DATA                          buzzer
     000000C2  _P42                               buzzer
     000000C3  _IAP_ADDRH                         buzzer
     000000C3  _P43                               buzzer
     000000C4  _IAP_ADDRL                         buzzer
     000000C4  _P44                               buzzer
     000000C5  _IAP_CMD                           buzzer
     000000C5  _P45                               buzzer
     000000C6  _IAP_TRIG                          buzzer
     000000C6  _P46                               buzzer
     000000C7  _IAP_CONTR                         buzzer
     000000C7  _P47                               buzzer
     000000C8  _P5                                buzzer
     000000C8  _P50                               buzzer
     000000C9  _P51                               buzzer
     000000C9  _P5M1                              buzzer
     000000CA  _P52                               buzzer
     000000CA  _P5M0                              buzzer
     000000CB  _P53                               buzzer
     000000CB  _P6M1                              buzzer
     000000CC  _P54                               buzzer
     000000CC  _P6M0                              buzzer
     000000CD  _SPSTAT                            buzzer
     000000CE  _SPCTL                             buzzer
     000000CF  _SPDAT                             buzzer
     000000D0  _P                                 buzzer
     000000D0  _PSW                               buzzer
     000000D1  _F1                                buzzer
     000000D1  _T4T3M                             buzzer
ASxxxx Linker V03.00 + NoICE + sdld,  page 6.
Hexadecimal  [32-Bits]

Area                                    Addr        Size        Decimal Bytes (Attributes)
--------------------------------        ----        ----        ------- ----- ------------
.  .ABS.                            00000000    00000000 =           0. bytes (ABS,CON)

      Value  Global                              Global Defined In Module
      -----  --------------------------------   ------------------------
     000000D2  _OV                                buzzer
     000000D2  _T4H                               buzzer
     000000D3  _RS0                               buzzer
     000000D3  _T4L                               buzzer
     000000D4  _RS1                               buzzer
     000000D4  _T3H                               buzzer
     000000D5  _F0                                buzzer
     000000D5  _T3L                               buzzer
     000000D6  _AC                                buzzer
     000000D6  _T2H                               buzzer
     000000D7  _CY                                buzzer
     000000D7  _T2L                               buzzer
     000000DC  _USBCLK                            buzzer
     000000DE  _ADCCFG                            buzzer
     000000DF  _IP3                               buzzer
     000000E0  _ACC                               buzzer
     000000E1  _P7M1                              buzzer
     000000E2  _P7M0                              buzzer
     000000E3  _DPS                               buzzer
     000000E4  _DPL1                              buzzer
     000000E5  _DPH1                              buzzer
     000000E6  _CMPCR1                            buzzer
     000000E7  _CMPCR2                            buzzer
     000000E8  _P6                                buzzer
     000000EC  _USBDAT                            buzzer
     000000EE  _IP3H                              buzzer
     000000EF  _AUXINTIF                          buzzer
     000000F0  _B                                 buzzer
     000000F4  _USBCON                            buzzer
     000000F5  _IAP_TPS                           buzzer
     000000F8  _P7                                buzzer
     000000FC  _USBADR                            buzzer
     000000FF  _RSTCFG                            buzzer

ASxxxx Linker V03.00 + NoICE + sdld,  page 7.
Hexadecimal  [32-Bits]

Area                                    Addr        Size        Decimal Bytes (Attributes)
--------------------------------        ----        ----        ------- ----- ------------
BSEG_BYTES                          00000020    00000001 =           1. bytes (REL,CON)

      Value  Global                              Global Defined In Module
      -----  --------------------------------   ------------------------
ASxxxx Linker V03.00 + NoICE + sdld,  page 8.
Hexadecimal  [32-Bits]

Area                                    Addr        Size        Decimal Bytes (Attributes)
--------------------------------        ----        ----        ------- ----- ------------
REG_BANK_0                          00000000    00000008 =           8. bytes (REL,OVR)

      Value  Global                              Global Defined In Module
      -----  --------------------------------   ------------------------
ASxxxx Linker V03.00 + NoICE + sdld,  page 9.
Hexadecimal  [32-Bits]

Area                                    Addr        Size        Decimal Bytes (Attributes)
--------------------------------        ----        ----        ------- ----- ------------
REG_BANK_1                          00000008    00000008 =           8. bytes (REL,OVR)

      Value  Global                              Global Defined In Module
      -----  --------------------------------   ------------------------
ASxxxx Linker V03.00 + NoICE + sdld,  page 10.
Hexadecimal  [32-Bits]

Area                                    Addr        Size        Decimal Bytes (Attributes)
--------------------------------        ----        ----        ------- ----- ------------
DSEG                                00000000    00000078 =         120. bytes (REL,CON)

      Value  Global                              Global Defined In Module
      -----  --------------------------------   ------------------------
     00000010  _timers                            main
     00000015  _wakeup_flag                       interrupt_handled
     00000021  _Musi_List                         buzzer
     0000002B  _shutdown_time                     buzzer

ASxxxx Linker V03.00 + NoICE + sdld,  page 11.
Hexadecimal  [32-Bits]

Area                                    Addr        Size        Decimal Bytes (Attributes)
--------------------------------        ----        ----        ------- ----- ------------
OSEG                                00000016    00000002 =           2. bytes (REL,OVR)

      Value  Global                              Global Defined In Module
      -----  --------------------------------   ------------------------
     00000016  __divsint_PARM_2                   _divuint
     00000016  __divuint_PARM_2                   _divuint

ASxxxx Linker V03.00 + NoICE + sdld,  page 12.
Hexadecimal  [32-Bits]

Area                                    Addr        Size        Decimal Bytes (Attributes)
--------------------------------        ----        ----        ------- ----- ------------
SSEG                                0000002E    000000D2 =         210. bytes (REL,OVR)

      Value  Global                              Global Defined In Module
      -----  --------------------------------   ------------------------
     0000002E  __start__stack                     main

ASxxxx Linker V03.00 + NoICE + sdld,  page 13.
Hexadecimal  [32-Bits]

Area                                    Addr        Size        Decimal Bytes (Attributes)
--------------------------------        ----        ----        ------- ----- ------------
HOME                                00000000    000000D9 =         217. bytes (REL,CON,CODE)

      Value  Global                              Global Defined In Module
      -----  --------------------------------   ------------------------
C:   000000D6  __sdcc_program_startup             main

ASxxxx Linker V03.00 + NoICE + sdld,  page 14.
Hexadecimal  [32-Bits]

Area                                    Addr        Size        Decimal Bytes (Attributes)
--------------------------------        ----        ----        ------- ----- ------------
GSINIT0                             000000D9    00000003 =           3. bytes (REL,CON,CODE)

      Value  Global                              Global Defined In Module
      -----  --------------------------------   ------------------------
C:   000000D9  __sdcc_gsinit_startup              

ASxxxx Linker V03.00 + NoICE + sdld,  page 15.
Hexadecimal  [32-Bits]

Area                                    Addr        Size        Decimal Bytes (Attributes)
--------------------------------        ----        ----        ------- ----- ------------
GSINIT2                             000000DC    0000000A =          10. bytes (REL,CON,CODE)

      Value  Global                              Global Defined In Module
      -----  --------------------------------   ------------------------
ASxxxx Linker V03.00 + NoICE + sdld,  page 16.
Hexadecimal  [32-Bits]

Area                                    Addr        Size        Decimal Bytes (Attributes)
--------------------------------        ----        ----        ------- ----- ------------
GSINIT3                             000000E6    00000022 =          34. bytes (REL,CON,CODE)

      Value  Global                              Global Defined In Module
      -----  --------------------------------   ------------------------
C:   000000E6  __mcs51_genXINIT                   

ASxxxx Linker V03.00 + NoICE + sdld,  page 17.
Hexadecimal  [32-Bits]

Area                                    Addr        Size        Decimal Bytes (Attributes)
--------------------------------        ----        ----        ------- ----- ------------
GSINIT4                             00000108    0000002A =          42. bytes (REL,CON,CODE)

      Value  Global                              Global Defined In Module
      -----  --------------------------------   ------------------------
C:   00000108  __mcs51_genRAMCLEAR                
C:   0000010E  __mcs51_genXRAMCLEAR               

ASxxxx Linker V03.00 + NoICE + sdld,  page 18.
Hexadecimal  [32-Bits]

Area                                    Addr        Size        Decimal Bytes (Attributes)
--------------------------------        ----        ----        ------- ----- ------------
GSINIT                              00000132    0000002A =          42. bytes (REL,CON,CODE)

      Value  Global                              Global Defined In Module
      -----  --------------------------------   ------------------------
ASxxxx Linker V03.00 + NoICE + sdld,  page 19.
Hexadecimal  [32-Bits]

Area                                    Addr        Size        Decimal Bytes (Attributes)
--------------------------------        ----        ----        ------- ----- ------------
GSFINAL                             0000015C    00000003 =           3. bytes (REL,CON,CODE)

      Value  Global                              Global Defined In Module
      -----  --------------------------------   ------------------------
ASxxxx Linker V03.00 + NoICE + sdld,  page 20.
Hexadecimal  [32-Bits]

Area                                    Addr        Size        Decimal Bytes (Attributes)
--------------------------------        ----        ----        ------- ----- ------------
CSEG                                0000015F    00000442 =        1090. bytes (REL,CON,CODE)

      Value  Global                              Global Defined In Module
      -----  --------------------------------   ------------------------
C:   0000015F  _MiniSch_Init                      main
C:   0000017C  _CPU_Init                          main
C:   000001B3  _main                              main
C:   00000201  _INT0_Interrupt                    interrupt_handled
C:   00000205  _TIME0_Interrupt                   interrupt_handled
C:   00000234  _INT1_Interrupt                    interrupt_handled
C:   00000238  _TIME1_Interrupt                   interrupt_handled
C:   0000023C  _UART1_Interrupt                   interrupt_handled
C:   00000240  _ADC_Interrupt                     interrupt_handled
C:   00000244  _LVD_Interrupt                     interrupt_handled
C:   00000248  _PCA_Interrupt                     interrupt_handled
C:   0000024C  _UART2_Interrupt                   interrupt_handled
C:   00000250  _SPI_Interrupt                     interrupt_handled
C:   00000254  _INT2_Interrupt                    interrupt_handled
C:   00000258  _INT3_Interrupt                    interrupt_handled
C:   0000025C  _TIME2_Interrupt                   interrupt_handled
C:   00000260  _buzzer_play                       buzzer
C:   00000269  _buzzer_is_play                    buzzer
C:   0000027A  _PWM1_Interrupt                    buzzer
C:   0000029E  _pwm_enable                        buzzer
C:   000002D9  _pwm_disable                       buzzer
C:   000002E9  _time_enable                       buzzer
C:   00000300  _time_disable                      buzzer
C:   0000030A  _buzzer_app                        buzzer
C:   0000053C  __divuint                          _divuint
C:   00000565  __divsint                          _divsint
C:   0000059D  __sdcc_external_startup            _startup
ASxxxx Linker V03.00 + NoICE + sdld,  page 21.
Hexadecimal  [32-Bits]

Area                                    Addr        Size        Decimal Bytes (Attributes)
--------------------------------        ----        ----        ------- ----- ------------
CONST                               000005A1    0000058B =        1419. bytes (REL,CON,CODE)

      Value  Global                              Global Defined In Module
      -----  --------------------------------   ------------------------
C:   000005A1  _Musical_Scale                     buzzer
C:   000005EB  _two_tigers                        buzzer
C:   0000062E  _qfl                               buzzer
C:   000007F1  _ryssdnr                           buzzer

ASxxxx Linker V03.00 + NoICE + sdld,  page 22.

Files Linked                              [ module(s) ]

./out/main.rel                            [  ]
./out/interrupt_handled.rel               [  ]
./out/buzzer.rel                          [  ]


Libraries Linked                          [ object file ]

D:\sdcc\bin\..\lib\small/mcs51.lib        [ crtclear.rel ]
D:\sdcc\bin\..\lib\small/mcs51.lib        [ crtxinit.rel ]
D:\sdcc\bin\..\lib\small/libint.lib       [ _divuint.rel ]
D:\sdcc\bin\..\lib\small/mcs51.lib        [ crtxclear.rel ]
D:\sdcc\bin\..\lib\small/mcs51.lib        [ crtpagesfr.rel ]
D:\sdcc\bin\..\lib\small/mcs51.lib        [ crtstart.rel ]
D:\sdcc\bin\..\lib\small/libint.lib       [ _divsint.rel ]
D:\sdcc\bin\..\lib\small/libsdcc.lib      [ _startup.rel ]

ASxxxx Linker V03.00 + NoICE + sdld,  page 23.

User Base Address Definitions

HOME = 0x0000
XSEG = 0x0001
PSEG = 0x0001
ISEG = 0x0000
BSEG = 0x0000

