C51 COMPILER V9.57.0.0   MAIN                                                              01/15/2023 17:02:34 PAGE 1   


C51 COMPILER V9.57.0.0, COMPILATION OF MODULE MAIN
OBJECT MODULE PLACED IN .\Objects\main.obj
COMPILER INVOKED BY: d:\Keil_v5\C51\BIN\C51.EXE src\main.c OPTIMIZE(8,SPEED) BROWSE INCDIR(.\inc) DEBUG OBJECTEXTEND PRI
                    -NT(.\Listings\main.lst) OBJECT(.\Objects\main.obj)

line level    source

   1          #include "STC8H.h"
   2          #include "MiniSch.h"
   3          #include "buzzer.h"
   4          #include "interrupt_handled.h"
   5          
   6          bit MINI_SCH_RUN = 1;
   7          volatile uint8_t timers[MAXTASKS];
   8          
   9          void MiniSch_Init(void)
  10          {
  11   1          AUXR = 0x00;
  12   1          SCON = 0x40;
  13   1          TL1 = 0xFC; // 115200 uart1 debug
  14   1          TH1 = 0xFF;
  15   1          TR1 = 1;
  16   1      
  17   1          TMOD = 0x00; // time0 sch, time1 uart
  18   1          IE = 0x82;   // ea = 1, et0 = 1
  19   1          TL0 = 0xCD;
  20   1          TH0 = 0xF8;
  21   1          TR0 = 1;
  22   1      }
  23          
  24          void CPU_Init(void)
  25          {
  26   1          WDT_CONTR = 0x26; // wdt 2s.
  27   1          WDT_CONTR = 0x36; // clear wdt.
  28   1          
  29   1          P_SW2 = 0x80;
  30   1      
  31   1          P1 = 0x84;
  32   1          P1M0 = 0x36;
  33   1          P1M1 = 0xC8;
  34   1      
  35   1          P0 = 0x08;
  36   1          P0M0 = 0x0F;
  37   1          P0M1 = 0x00;
  38   1      
  39   1          P2 = 0x00;
  40   1          P2M0 = 0x00;
  41   1          P2M1 = 0x00;
  42   1      
  43   1          P3 = 0xFF;
  44   1          P3M0 = 0x02;
  45   1          P3M1 = 0x04;    //0x14
  46   1      
  47   1          P5 = 0x10;
  48   1          P5M0 = 0x00;
  49   1          P5M1 = 0x10;
  50   1      }
  51          
  52          void main(void)
  53          {
  54   1          uint8_t i = 0;
C51 COMPILER V9.57.0.0   MAIN                                                              01/15/2023 17:02:34 PAGE 2   

  55   1          CPU_Init();
  56   1          MiniSch_Init();
  57   1          InitTasks();
  58   1          while (1)
  59   1          {
  60   2              RunTaskA(buzzer_app, 0);
  61   2              if(!buzzer_is_play())
  62   2              {
  63   3                  buzzer_play(i++);
  64   3                  if(i > 2)
  65   3                      i = 0;
  66   3              }
  67   2          }
  68   1      }


MODULE INFORMATION:   STATIC OVERLAYABLE
   CODE SIZE        =    146    ----
   CONSTANT SIZE    =   ----    ----
   XDATA SIZE       =   ----    ----
   PDATA SIZE       =   ----    ----
   DATA SIZE        =      5       2
   IDATA SIZE       =   ----    ----
   BIT SIZE         =      1    ----
END OF MODULE INFORMATION.


C51 COMPILATION COMPLETE.  0 WARNING(S),  0 ERROR(S)
